[0.163s] DEBUG:colcon:Command line arguments: ['/usr/bin/colcon', 'build']
[0.164s] DEBUG:colcon:Parsed command line arguments: Namespace(log_base=None, log_level=None, verb_name='build', build_base='build', install_base='install', merge_install=False, symlink_install=False, test_result_base=None, continue_on_error=False, executor='parallel', parallel_workers=4, event_handlers=None, ignore_user_meta=False, metas=['./colcon.meta'], base_paths=['.'], packages_ignore=None, packages_ignore_regex=None, paths=None, packages_up_to=None, packages_up_to_regex=None, packages_above=None, packages_above_and_dependencies=None, packages_above_depth=None, packages_select_by_dep=None, packages_skip_by_dep=None, packages_skip_up_to=None, packages_select_build_failed=False, packages_skip_build_finished=False, packages_select_test_failures=False, packages_skip_test_passed=False, packages_select=None, packages_skip=None, packages_select_regex=None, packages_skip_regex=None, packages_start=None, packages_end=None, allow_overriding=[], cmake_args=None, cmake_target=None, cmake_target_skip_unavailable=False, cmake_clean_cache=False, cmake_clean_first=False, cmake_force_configure=False, ament_cmake_args=None, catkin_cmake_args=None, catkin_skip_building_tests=False, verb_parser=<colcon_defaults.argument_parser.defaults.DefaultArgumentsDecorator object at 0x7c18d0b5b550>, verb_extension=<colcon_core.verb.build.BuildVerb object at 0x7c18d0b5b220>, main=<bound method BuildVerb.main of <colcon_core.verb.build.BuildVerb object at 0x7c18d0b5b220>>)
[0.429s] Level 1:colcon.colcon_core.package_discovery:discover_packages(colcon_meta) check parameters
[0.430s] Level 1:colcon.colcon_core.package_discovery:discover_packages(recursive) check parameters
[0.430s] Level 1:colcon.colcon_core.package_discovery:discover_packages(ignore) check parameters
[0.430s] Level 1:colcon.colcon_core.package_discovery:discover_packages(path) check parameters
[0.430s] Level 1:colcon.colcon_core.package_discovery:discover_packages(colcon_meta) discover
[0.430s] Level 1:colcon.colcon_core.package_discovery:discover_packages(recursive) discover
[0.430s] INFO:colcon.colcon_core.package_discovery:Crawling recursively for packages in '/home/manish/turtlebot_swarm_ws'
[0.430s] Level 1:colcon.colcon_core.package_identification:_identify(.) by extensions ['ignore', 'ignore_ament_install']
[0.430s] Level 1:colcon.colcon_core.package_identification:_identify(.) by extension 'ignore'
[0.430s] Level 1:colcon.colcon_core.package_identification:_identify(.) by extension 'ignore_ament_install'
[0.430s] Level 1:colcon.colcon_core.package_identification:_identify(.) by extensions ['colcon_pkg']
[0.431s] Level 1:colcon.colcon_core.package_identification:_identify(.) by extension 'colcon_pkg'
[0.431s] Level 1:colcon.colcon_core.package_identification:_identify(.) by extensions ['colcon_meta']
[0.431s] Level 1:colcon.colcon_core.package_identification:_identify(.) by extension 'colcon_meta'
[0.431s] Level 1:colcon.colcon_core.package_identification:_identify(.) by extensions ['ros']
[0.431s] Level 1:colcon.colcon_core.package_identification:_identify(.) by extension 'ros'
[0.445s] Level 1:colcon.colcon_core.package_identification:_identify(.) by extensions ['cmake', 'python']
[0.445s] Level 1:colcon.colcon_core.package_identification:_identify(.) by extension 'cmake'
[0.445s] Level 1:colcon.colcon_core.package_identification:_identify(.) by extension 'python'
[0.446s] Level 1:colcon.colcon_core.package_identification:_identify(.) by extensions ['python_setup_py']
[0.446s] Level 1:colcon.colcon_core.package_identification:_identify(.) by extension 'python_setup_py'
[0.446s] Level 1:colcon.colcon_core.package_identification:_identify(build) by extensions ['ignore', 'ignore_ament_install']
[0.446s] Level 1:colcon.colcon_core.package_identification:_identify(build) by extension 'ignore'
[0.446s] Level 1:colcon.colcon_core.package_identification:_identify(build) ignored
[0.446s] Level 1:colcon.colcon_core.package_identification:_identify(install) by extensions ['ignore', 'ignore_ament_install']
[0.446s] Level 1:colcon.colcon_core.package_identification:_identify(install) by extension 'ignore'
[0.446s] Level 1:colcon.colcon_core.package_identification:_identify(install) ignored
[0.446s] Level 1:colcon.colcon_core.package_identification:_identify(log) by extensions ['ignore', 'ignore_ament_install']
[0.447s] Level 1:colcon.colcon_core.package_identification:_identify(log) by extension 'ignore'
[0.447s] Level 1:colcon.colcon_core.package_identification:_identify(log) ignored
[0.447s] Level 1:colcon.colcon_core.package_identification:_identify(src) by extensions ['ignore', 'ignore_ament_install']
[0.447s] Level 1:colcon.colcon_core.package_identification:_identify(src) by extension 'ignore'
[0.447s] Level 1:colcon.colcon_core.package_identification:_identify(src) by extension 'ignore_ament_install'
[0.447s] Level 1:colcon.colcon_core.package_identification:_identify(src) by extensions ['colcon_pkg']
[0.447s] Level 1:colcon.colcon_core.package_identification:_identify(src) by extension 'colcon_pkg'
[0.447s] Level 1:colcon.colcon_core.package_identification:_identify(src) by extensions ['colcon_meta']
[0.447s] Level 1:colcon.colcon_core.package_identification:_identify(src) by extension 'colcon_meta'
[0.447s] Level 1:colcon.colcon_core.package_identification:_identify(src) by extensions ['ros']
[0.447s] Level 1:colcon.colcon_core.package_identification:_identify(src) by extension 'ros'
[0.447s] Level 1:colcon.colcon_core.package_identification:_identify(src) by extensions ['cmake', 'python']
[0.447s] Level 1:colcon.colcon_core.package_identification:_identify(src) by extension 'cmake'
[0.447s] Level 1:colcon.colcon_core.package_identification:_identify(src) by extension 'python'
[0.447s] Level 1:colcon.colcon_core.package_identification:_identify(src) by extensions ['python_setup_py']
[0.447s] Level 1:colcon.colcon_core.package_identification:_identify(src) by extension 'python_setup_py'
[0.448s] Level 1:colcon.colcon_core.package_identification:_identify(src/turtlebot_swarm) by extensions ['ignore', 'ignore_ament_install']
[0.448s] Level 1:colcon.colcon_core.package_identification:_identify(src/turtlebot_swarm) by extension 'ignore'
[0.448s] Level 1:colcon.colcon_core.package_identification:_identify(src/turtlebot_swarm) by extension 'ignore_ament_install'
[0.448s] Level 1:colcon.colcon_core.package_identification:_identify(src/turtlebot_swarm) by extensions ['colcon_pkg']
[0.448s] Level 1:colcon.colcon_core.package_identification:_identify(src/turtlebot_swarm) by extension 'colcon_pkg'
[0.448s] Level 1:colcon.colcon_core.package_identification:_identify(src/turtlebot_swarm) by extensions ['colcon_meta']
[0.448s] Level 1:colcon.colcon_core.package_identification:_identify(src/turtlebot_swarm) by extension 'colcon_meta'
[0.448s] Level 1:colcon.colcon_core.package_identification:_identify(src/turtlebot_swarm) by extensions ['ros']
[0.448s] Level 1:colcon.colcon_core.package_identification:_identify(src/turtlebot_swarm) by extension 'ros'
[0.451s] DEBUG:colcon.colcon_core.package_identification:Package 'src/turtlebot_swarm' with type 'ros.ament_python' and name 'turtlebot_swarm'
[0.451s] Level 1:colcon.colcon_core.package_discovery:discover_packages(recursive) using defaults
[0.452s] Level 1:colcon.colcon_core.package_discovery:discover_packages(ignore) discover
[0.452s] Level 1:colcon.colcon_core.package_discovery:discover_packages(ignore) using defaults
[0.452s] Level 1:colcon.colcon_core.package_discovery:discover_packages(path) discover
[0.452s] Level 1:colcon.colcon_core.package_discovery:discover_packages(path) using defaults
[0.496s] Level 1:colcon.colcon_core.package_discovery:discover_packages(prefix_path) check parameters
[0.496s] Level 1:colcon.colcon_core.package_discovery:discover_packages(prefix_path) discover
[0.497s] WARNING:colcon.colcon_ros.prefix_path.ament:The path '/home/manish/turtlebot_swarm_ws/install/turtlebot_swarm' in the environment variable AMENT_PREFIX_PATH doesn't exist
[0.498s] DEBUG:colcon.colcon_installed_package_information.package_discovery:Found 0 installed packages in /home/manish/turtlebot_swarm_ws/install
[0.499s] DEBUG:colcon.colcon_installed_package_information.package_discovery:Found 2 installed packages in /home/manish/ROS2_GCS/backend/ros2_ws/install
[0.500s] DEBUG:colcon.colcon_installed_package_information.package_discovery:Found 4 installed packages in /home/manish/drone_ws/install
[0.501s] DEBUG:colcon.colcon_installed_package_information.package_discovery:Found 3 installed packages in /home/manish/ros2_ws/install
[0.503s] DEBUG:colcon.colcon_installed_package_information.package_discovery:Found 319 installed packages in /opt/ros/humble
[0.505s] Level 1:colcon.colcon_core.package_discovery:discover_packages(prefix_path) using defaults
[0.575s] Level 5:colcon.colcon_core.verb:set package 'turtlebot_swarm' build argument 'cmake_args' from command line to 'None'
[0.575s] Level 5:colcon.colcon_core.verb:set package 'turtlebot_swarm' build argument 'cmake_target' from command line to 'None'
[0.575s] Level 5:colcon.colcon_core.verb:set package 'turtlebot_swarm' build argument 'cmake_target_skip_unavailable' from command line to 'False'
[0.575s] Level 5:colcon.colcon_core.verb:set package 'turtlebot_swarm' build argument 'cmake_clean_cache' from command line to 'False'
[0.575s] Level 5:colcon.colcon_core.verb:set package 'turtlebot_swarm' build argument 'cmake_clean_first' from command line to 'False'
[0.575s] Level 5:colcon.colcon_core.verb:set package 'turtlebot_swarm' build argument 'cmake_force_configure' from command line to 'False'
[0.575s] Level 5:colcon.colcon_core.verb:set package 'turtlebot_swarm' build argument 'ament_cmake_args' from command line to 'None'
[0.575s] Level 5:colcon.colcon_core.verb:set package 'turtlebot_swarm' build argument 'catkin_cmake_args' from command line to 'None'
[0.575s] Level 5:colcon.colcon_core.verb:set package 'turtlebot_swarm' build argument 'catkin_skip_building_tests' from command line to 'False'
[0.575s] DEBUG:colcon.colcon_core.verb:Building package 'turtlebot_swarm' with the following arguments: {'ament_cmake_args': None, 'build_base': '/home/manish/turtlebot_swarm_ws/build/turtlebot_swarm', 'catkin_cmake_args': None, 'catkin_skip_building_tests': False, 'cmake_args': None, 'cmake_clean_cache': False, 'cmake_clean_first': False, 'cmake_force_configure': False, 'cmake_target': None, 'cmake_target_skip_unavailable': False, 'install_base': '/home/manish/turtlebot_swarm_ws/install/turtlebot_swarm', 'merge_install': False, 'path': '/home/manish/turtlebot_swarm_ws/src/turtlebot_swarm', 'symlink_install': False, 'test_result_base': None}
[0.576s] INFO:colcon.colcon_core.executor:Executing jobs using 'parallel' executor
[0.577s] DEBUG:colcon.colcon_parallel_executor.executor.parallel:run_until_complete
[0.577s] INFO:colcon.colcon_ros.task.ament_python.build:Building ROS package in '/home/manish/turtlebot_swarm_ws/src/turtlebot_swarm' with build type 'ament_python'
[0.577s] Level 1:colcon.colcon_core.shell:create_environment_hook('turtlebot_swarm', 'ament_prefix_path')
[0.580s] INFO:colcon.colcon_core.plugin_system:Skipping extension 'colcon_core.shell.bat': Not used on non-Windows systems
[0.581s] INFO:colcon.colcon_core.shell:Creating environment hook '/home/manish/turtlebot_swarm_ws/install/turtlebot_swarm/share/turtlebot_swarm/hook/ament_prefix_path.ps1'
[0.582s] INFO:colcon.colcon_core.shell:Creating environment descriptor '/home/manish/turtlebot_swarm_ws/install/turtlebot_swarm/share/turtlebot_swarm/hook/ament_prefix_path.dsv'
[0.582s] INFO:colcon.colcon_core.shell:Creating environment hook '/home/manish/turtlebot_swarm_ws/install/turtlebot_swarm/share/turtlebot_swarm/hook/ament_prefix_path.sh'
[0.583s] INFO:colcon.colcon_core.shell:Skip shell extension 'powershell' for command environment: Not usable outside of PowerShell
[0.584s] DEBUG:colcon.colcon_core.shell:Skip shell extension 'dsv' for command environment
[1.004s] WARNING:colcon.colcon_ros.task.ament_python.build:Package 'turtlebot_swarm' doesn't explicitly install a marker in the package index (colcon-ros currently does it implicitly but that fallback will be removed in the future)
[1.005s] INFO:colcon.colcon_core.task.python.build:Building Python package in '/home/manish/turtlebot_swarm_ws/src/turtlebot_swarm'
[1.005s] INFO:colcon.colcon_core.shell:Skip shell extension 'powershell' for command environment: Not usable outside of PowerShell
[1.006s] DEBUG:colcon.colcon_core.shell:Skip shell extension 'dsv' for command environment
[1.571s] DEBUG:colcon.colcon_core.task.python.build:Available setuptools commands: test, dist_info, bdist_dumb, extract_messages, upload, rotate, bdist_wheel, easy_install, sdist, saveopts, install_egg_info, compile_catalog, bdist, upload_docs, alias, build_ext, egg_info, register, build, check, setopt, install_lib, clean, bdist_egg, bdist_rpm, build_py, build_scripts, install_headers, install_data, symlink_data, develop, install, install_scripts, update_catalog, init_catalog, build_clib
[1.573s] DEBUG:colcon.colcon_core.event_handler.log_command:Invoking command in '/home/manish/turtlebot_swarm_ws/src/turtlebot_swarm': PYTHONPATH=/home/manish/turtlebot_swarm_ws/build/turtlebot_swarm/prefix_override:/usr/lib/python3/dist-packages/colcon_core/task/python/colcon_distutils_commands:/home/manish/turtlebot_swarm_ws/install/turtlebot_swarm/lib/python3.10/site-packages:${PYTHONPATH} /usr/bin/python3 -W ignore:setup.py install is deprecated -W ignore:easy_install command is deprecated setup.py egg_info --egg-base ../../build/turtlebot_swarm build --build-base /home/manish/turtlebot_swarm_ws/build/turtlebot_swarm/build install --record /home/manish/turtlebot_swarm_ws/build/turtlebot_swarm/install.log --install-scripts $base/lib/turtlebot_swarm --single-version-externally-managed install_data
[2.044s] DEBUG:colcon.colcon_core.event_handler.log_command:Invoked command in '/home/manish/turtlebot_swarm_ws/src/turtlebot_swarm' returned '0': PYTHONPATH=/home/manish/turtlebot_swarm_ws/build/turtlebot_swarm/prefix_override:/usr/lib/python3/dist-packages/colcon_core/task/python/colcon_distutils_commands:/home/manish/turtlebot_swarm_ws/install/turtlebot_swarm/lib/python3.10/site-packages:${PYTHONPATH} /usr/bin/python3 -W ignore:setup.py install is deprecated -W ignore:easy_install command is deprecated setup.py egg_info --egg-base ../../build/turtlebot_swarm build --build-base /home/manish/turtlebot_swarm_ws/build/turtlebot_swarm/build install --record /home/manish/turtlebot_swarm_ws/build/turtlebot_swarm/install.log --install-scripts $base/lib/turtlebot_swarm --single-version-externally-managed install_data
[2.047s] Level 1:colcon.colcon_core.environment:checking '/home/manish/turtlebot_swarm_ws/install/turtlebot_swarm' for CMake module files
[2.047s] Level 1:colcon.colcon_core.environment:checking '/home/manish/turtlebot_swarm_ws/install/turtlebot_swarm' for CMake config files
[2.048s] Level 1:colcon.colcon_core.environment:checking '/home/manish/turtlebot_swarm_ws/install/turtlebot_swarm/lib'
[2.048s] Level 1:colcon.colcon_core.environment:checking '/home/manish/turtlebot_swarm_ws/install/turtlebot_swarm/bin'
[2.049s] Level 1:colcon.colcon_core.environment:checking '/home/manish/turtlebot_swarm_ws/install/turtlebot_swarm/lib/pkgconfig/turtlebot_swarm.pc'
[2.049s] Level 1:colcon.colcon_core.environment:checking '/home/manish/turtlebot_swarm_ws/install/turtlebot_swarm/lib/python3.10/site-packages'
[2.049s] Level 1:colcon.colcon_core.shell:create_environment_hook('turtlebot_swarm', 'pythonpath')
[2.049s] INFO:colcon.colcon_core.shell:Creating environment hook '/home/manish/turtlebot_swarm_ws/install/turtlebot_swarm/share/turtlebot_swarm/hook/pythonpath.ps1'
[2.050s] INFO:colcon.colcon_core.shell:Creating environment descriptor '/home/manish/turtlebot_swarm_ws/install/turtlebot_swarm/share/turtlebot_swarm/hook/pythonpath.dsv'
[2.050s] INFO:colcon.colcon_core.shell:Creating environment hook '/home/manish/turtlebot_swarm_ws/install/turtlebot_swarm/share/turtlebot_swarm/hook/pythonpath.sh'
[2.051s] Level 1:colcon.colcon_core.environment:checking '/home/manish/turtlebot_swarm_ws/install/turtlebot_swarm/bin'
[2.052s] Level 1:colcon.colcon_core.environment:create_environment_scripts_only(turtlebot_swarm)
[2.052s] INFO:colcon.colcon_core.shell:Creating package script '/home/manish/turtlebot_swarm_ws/install/turtlebot_swarm/share/turtlebot_swarm/package.ps1'
[2.054s] INFO:colcon.colcon_core.shell:Creating package descriptor '/home/manish/turtlebot_swarm_ws/install/turtlebot_swarm/share/turtlebot_swarm/package.dsv'
[2.054s] INFO:colcon.colcon_core.shell:Creating package script '/home/manish/turtlebot_swarm_ws/install/turtlebot_swarm/share/turtlebot_swarm/package.sh'
[2.055s] INFO:colcon.colcon_core.shell:Creating package script '/home/manish/turtlebot_swarm_ws/install/turtlebot_swarm/share/turtlebot_swarm/package.bash'
[2.056s] INFO:colcon.colcon_core.shell:Creating package script '/home/manish/turtlebot_swarm_ws/install/turtlebot_swarm/share/turtlebot_swarm/package.zsh'
[2.057s] Level 1:colcon.colcon_core.environment:create_file_with_runtime_dependencies(/home/manish/turtlebot_swarm_ws/install/turtlebot_swarm/share/colcon-core/packages/turtlebot_swarm)
[2.058s] DEBUG:colcon.colcon_parallel_executor.executor.parallel:closing loop
[2.058s] DEBUG:colcon.colcon_parallel_executor.executor.parallel:loop closed
[2.059s] DEBUG:colcon.colcon_parallel_executor.executor.parallel:run_until_complete finished with '0'
[2.059s] DEBUG:colcon.colcon_core.event_reactor:joining thread
[2.080s] INFO:colcon.colcon_core.plugin_system:Skipping extension 'colcon_notification.desktop_notification.terminal_notifier': Not used on non-Darwin systems
[2.080s] INFO:colcon.colcon_core.plugin_system:Skipping extension 'colcon_notification.desktop_notification.win32': Not used on non-Windows systems
[2.080s] INFO:colcon.colcon_notification.desktop_notification:Sending desktop notification using 'notify2'
[2.115s] DEBUG:colcon.colcon_core.event_reactor:joined thread
[2.117s] INFO:colcon.colcon_core.shell:Creating prefix script '/home/manish/turtlebot_swarm_ws/install/local_setup.ps1'
[2.120s] INFO:colcon.colcon_core.shell:Creating prefix util module '/home/manish/turtlebot_swarm_ws/install/_local_setup_util_ps1.py'
[2.128s] INFO:colcon.colcon_core.shell:Creating prefix chain script '/home/manish/turtlebot_swarm_ws/install/setup.ps1'
[2.136s] INFO:colcon.colcon_core.shell:Creating prefix script '/home/manish/turtlebot_swarm_ws/install/local_setup.sh'
[2.138s] INFO:colcon.colcon_core.shell:Creating prefix util module '/home/manish/turtlebot_swarm_ws/install/_local_setup_util_sh.py'
[2.139s] INFO:colcon.colcon_core.shell:Creating prefix chain script '/home/manish/turtlebot_swarm_ws/install/setup.sh'
[2.144s] INFO:colcon.colcon_core.shell:Creating prefix script '/home/manish/turtlebot_swarm_ws/install/local_setup.bash'
[2.145s] INFO:colcon.colcon_core.shell:Creating prefix chain script '/home/manish/turtlebot_swarm_ws/install/setup.bash'
[2.149s] INFO:colcon.colcon_core.shell:Creating prefix script '/home/manish/turtlebot_swarm_ws/install/local_setup.zsh'
[2.150s] INFO:colcon.colcon_core.shell:Creating prefix chain script '/home/manish/turtlebot_swarm_ws/install/setup.zsh'
