running egg_info
creating ../../build/turtlebot_swarm/turtlebot_swarm.egg-info
writing ../../build/turtlebot_swarm/turtlebot_swarm.egg-info/PKG-INFO
writing dependency_links to ../../build/turtlebot_swarm/turtlebot_swarm.egg-info/dependency_links.txt
writing entry points to ../../build/turtlebot_swarm/turtlebot_swarm.egg-info/entry_points.txt
writing requirements to ../../build/turtlebot_swarm/turtlebot_swarm.egg-info/requires.txt
writing top-level names to ../../build/turtlebot_swarm/turtlebot_swarm.egg-info/top_level.txt
writing manifest file '../../build/turtlebot_swarm/turtlebot_swarm.egg-info/SOURCES.txt'
reading manifest file '../../build/turtlebot_swarm/turtlebot_swarm.egg-info/SOURCES.txt'
writing manifest file '../../build/turtlebot_swarm/turtlebot_swarm.egg-info/SOURCES.txt'
running build
running build_py
creating /home/manish/turtlebot_swarm_ws/build/turtlebot_swarm/build
creating /home/manish/turtlebot_swarm_ws/build/turtlebot_swarm/build/lib
creating /home/manish/turtlebot_swarm_ws/build/turtlebot_swarm/build/lib/turtlebot_swarm
copying turtlebot_swarm/__init__.py -> /home/manish/turtlebot_swarm_ws/build/turtlebot_swarm/build/lib/turtlebot_swarm
running install
running install_lib
creating /home/manish/turtlebot_swarm_ws/install/turtlebot_swarm/lib/python3.10/site-packages/turtlebot_swarm
copying /home/manish/turtlebot_swarm_ws/build/turtlebot_swarm/build/lib/turtlebot_swarm/__init__.py -> /home/manish/turtlebot_swarm_ws/install/turtlebot_swarm/lib/python3.10/site-packages/turtlebot_swarm
byte-compiling /home/manish/turtlebot_swarm_ws/install/turtlebot_swarm/lib/python3.10/site-packages/turtlebot_swarm/__init__.py to __init__.cpython-310.pyc
running install_data
copying package.xml -> /home/manish/turtlebot_swarm_ws/install/turtlebot_swarm/share/turtlebot_swarm
creating /home/manish/turtlebot_swarm_ws/install/turtlebot_swarm/share/turtlebot_swarm/launch
copying launch/robot_launch.py -> /home/manish/turtlebot_swarm_ws/install/turtlebot_swarm/share/turtlebot_swarm/launch
creating /home/manish/turtlebot_swarm_ws/install/turtlebot_swarm/share/turtlebot_swarm/worlds
copying worlds/multi_turtlebot.wbt -> /home/manish/turtlebot_swarm_ws/install/turtlebot_swarm/share/turtlebot_swarm/worlds
creating /home/manish/turtlebot_swarm_ws/install/turtlebot_swarm/share/turtlebot_swarm/resource
copying resource/turtlebot_swarm -> /home/manish/turtlebot_swarm_ws/install/turtlebot_swarm/share/turtlebot_swarm/resource
copying resource/swarm_ros2control.yml -> /home/manish/turtlebot_swarm_ws/install/turtlebot_swarm/share/turtlebot_swarm/resource
running install_egg_info
Copying ../../build/turtlebot_swarm/turtlebot_swarm.egg-info to /home/manish/turtlebot_swarm_ws/install/turtlebot_swarm/lib/python3.10/site-packages/turtlebot_swarm-0.0.0-py3.10.egg-info
running install_scripts
writing list of installed files to '/home/manish/turtlebot_swarm_ws/build/turtlebot_swarm/install.log'
