[0.996s] Invoking command in '/home/manish/turtlebot_swarm_ws/src/turtlebot_swarm': PYTHONPATH=/home/manish/turtlebot_swarm_ws/build/turtlebot_swarm/prefix_override:/usr/lib/python3/dist-packages/colcon_core/task/python/colcon_distutils_commands:/home/manish/turtlebot_swarm_ws/install/turtlebot_swarm/lib/python3.10/site-packages:${PYTHONPATH} /usr/bin/python3 -W ignore:setup.py install is deprecated -W ignore:easy_install command is deprecated setup.py egg_info --egg-base ../../build/turtlebot_swarm build --build-base /home/manish/turtlebot_swarm_ws/build/turtlebot_swarm/build install --record /home/manish/turtlebot_swarm_ws/build/turtlebot_swarm/install.log --install-scripts $base/lib/turtlebot_swarm --single-version-externally-managed install_data
[1.383s] running egg_info
[1.384s] creating ../../build/turtlebot_swarm/turtlebot_swarm.egg-info
[1.384s] writing ../../build/turtlebot_swarm/turtlebot_swarm.egg-info/PKG-INFO
[1.385s] writing dependency_links to ../../build/turtlebot_swarm/turtlebot_swarm.egg-info/dependency_links.txt
[1.385s] writing entry points to ../../build/turtlebot_swarm/turtlebot_swarm.egg-info/entry_points.txt
[1.385s] writing requirements to ../../build/turtlebot_swarm/turtlebot_swarm.egg-info/requires.txt
[1.385s] writing top-level names to ../../build/turtlebot_swarm/turtlebot_swarm.egg-info/top_level.txt
[1.386s] writing manifest file '../../build/turtlebot_swarm/turtlebot_swarm.egg-info/SOURCES.txt'
[1.388s] reading manifest file '../../build/turtlebot_swarm/turtlebot_swarm.egg-info/SOURCES.txt'
[1.389s] writing manifest file '../../build/turtlebot_swarm/turtlebot_swarm.egg-info/SOURCES.txt'
[1.390s] running build
[1.390s] running build_py
[1.390s] creating /home/manish/turtlebot_swarm_ws/build/turtlebot_swarm/build
[1.390s] creating /home/manish/turtlebot_swarm_ws/build/turtlebot_swarm/build/lib
[1.390s] creating /home/manish/turtlebot_swarm_ws/build/turtlebot_swarm/build/lib/turtlebot_swarm
[1.391s] copying turtlebot_swarm/__init__.py -> /home/manish/turtlebot_swarm_ws/build/turtlebot_swarm/build/lib/turtlebot_swarm
[1.391s] running install
[1.391s] running install_lib
[1.392s] creating /home/manish/turtlebot_swarm_ws/install/turtlebot_swarm/lib/python3.10/site-packages/turtlebot_swarm
[1.393s] copying /home/manish/turtlebot_swarm_ws/build/turtlebot_swarm/build/lib/turtlebot_swarm/__init__.py -> /home/manish/turtlebot_swarm_ws/install/turtlebot_swarm/lib/python3.10/site-packages/turtlebot_swarm
[1.394s] byte-compiling /home/manish/turtlebot_swarm_ws/install/turtlebot_swarm/lib/python3.10/site-packages/turtlebot_swarm/__init__.py to __init__.cpython-310.pyc
[1.394s] running install_data
[1.394s] copying package.xml -> /home/manish/turtlebot_swarm_ws/install/turtlebot_swarm/share/turtlebot_swarm
[1.394s] creating /home/manish/turtlebot_swarm_ws/install/turtlebot_swarm/share/turtlebot_swarm/launch
[1.394s] copying launch/robot_launch.py -> /home/manish/turtlebot_swarm_ws/install/turtlebot_swarm/share/turtlebot_swarm/launch
[1.395s] creating /home/manish/turtlebot_swarm_ws/install/turtlebot_swarm/share/turtlebot_swarm/worlds
[1.395s] copying worlds/multi_turtlebot.wbt -> /home/manish/turtlebot_swarm_ws/install/turtlebot_swarm/share/turtlebot_swarm/worlds
[1.395s] creating /home/manish/turtlebot_swarm_ws/install/turtlebot_swarm/share/turtlebot_swarm/resource
[1.395s] copying resource/turtlebot_swarm -> /home/manish/turtlebot_swarm_ws/install/turtlebot_swarm/share/turtlebot_swarm/resource
[1.395s] copying resource/swarm_ros2control.yml -> /home/manish/turtlebot_swarm_ws/install/turtlebot_swarm/share/turtlebot_swarm/resource
[1.395s] running install_egg_info
[1.398s] Copying ../../build/turtlebot_swarm/turtlebot_swarm.egg-info to /home/manish/turtlebot_swarm_ws/install/turtlebot_swarm/lib/python3.10/site-packages/turtlebot_swarm-0.0.0-py3.10.egg-info
[1.400s] running install_scripts
[1.429s] writing list of installed files to '/home/manish/turtlebot_swarm_ws/build/turtlebot_swarm/install.log'
[1.466s] Invoked command in '/home/manish/turtlebot_swarm_ws/src/turtlebot_swarm' returned '0': PYTHONPATH=/home/manish/turtlebot_swarm_ws/build/turtlebot_swarm/prefix_override:/usr/lib/python3/dist-packages/colcon_core/task/python/colcon_distutils_commands:/home/manish/turtlebot_swarm_ws/install/turtlebot_swarm/lib/python3.10/site-packages:${PYTHONPATH} /usr/bin/python3 -W ignore:setup.py install is deprecated -W ignore:easy_install command is deprecated setup.py egg_info --egg-base ../../build/turtlebot_swarm build --build-base /home/manish/turtlebot_swarm_ws/build/turtlebot_swarm/build install --record /home/manish/turtlebot_swarm_ws/build/turtlebot_swarm/install.log --install-scripts $base/lib/turtlebot_swarm --single-version-externally-managed install_data
