[1.001s] Invoking command in '/home/manish/turtlebot_swarm_ws/src/turtlebot_swarm': PYTHONPATH=/home/manish/turtlebot_swarm_ws/build/turtlebot_swarm/prefix_override:/usr/lib/python3/dist-packages/colcon_core/task/python/colcon_distutils_commands:/home/manish/turtlebot_swarm_ws/install/turtlebot_swarm/lib/python3.10/site-packages:${PYTHONPATH} /usr/bin/python3 -W ignore:setup.py install is deprecated -W ignore:easy_install command is deprecated setup.py egg_info --egg-base ../../build/turtlebot_swarm build --build-base /home/manish/turtlebot_swarm_ws/build/turtlebot_swarm/build install --record /home/manish/turtlebot_swarm_ws/build/turtlebot_swarm/install.log --install-scripts $base/lib/turtlebot_swarm --single-version-externally-managed install_data
[1.404s] running egg_info
[1.405s] writing ../../build/turtlebot_swarm/turtlebot_swarm.egg-info/PKG-INFO
[1.406s] writing dependency_links to ../../build/turtlebot_swarm/turtlebot_swarm.egg-info/dependency_links.txt
[1.406s] writing entry points to ../../build/turtlebot_swarm/turtlebot_swarm.egg-info/entry_points.txt
[1.406s] writing requirements to ../../build/turtlebot_swarm/turtlebot_swarm.egg-info/requires.txt
[1.406s] writing top-level names to ../../build/turtlebot_swarm/turtlebot_swarm.egg-info/top_level.txt
[1.409s] reading manifest file '../../build/turtlebot_swarm/turtlebot_swarm.egg-info/SOURCES.txt'
[1.410s] writing manifest file '../../build/turtlebot_swarm/turtlebot_swarm.egg-info/SOURCES.txt'
[1.410s] running build
[1.410s] running build_py
[1.411s] running install
[1.411s] running install_lib
[1.413s] running install_data
[1.413s] copying worlds/multi_turtlebot.wbt -> /home/manish/turtlebot_swarm_ws/install/turtlebot_swarm/share/turtlebot_swarm/worlds
[1.413s] running install_egg_info
[1.416s] removing '/home/manish/turtlebot_swarm_ws/install/turtlebot_swarm/lib/python3.10/site-packages/turtlebot_swarm-0.0.0-py3.10.egg-info' (and everything under it)
[1.417s] Copying ../../build/turtlebot_swarm/turtlebot_swarm.egg-info to /home/manish/turtlebot_swarm_ws/install/turtlebot_swarm/lib/python3.10/site-packages/turtlebot_swarm-0.0.0-py3.10.egg-info
[1.418s] running install_scripts
[1.451s] writing list of installed files to '/home/manish/turtlebot_swarm_ws/build/turtlebot_swarm/install.log'
[1.488s] Invoked command in '/home/manish/turtlebot_swarm_ws/src/turtlebot_swarm' returned '0': PYTHONPATH=/home/manish/turtlebot_swarm_ws/build/turtlebot_swarm/prefix_override:/usr/lib/python3/dist-packages/colcon_core/task/python/colcon_distutils_commands:/home/manish/turtlebot_swarm_ws/install/turtlebot_swarm/lib/python3.10/site-packages:${PYTHONPATH} /usr/bin/python3 -W ignore:setup.py install is deprecated -W ignore:easy_install command is deprecated setup.py egg_info --egg-base ../../build/turtlebot_swarm build --build-base /home/manish/turtlebot_swarm_ws/build/turtlebot_swarm/build install --record /home/manish/turtlebot_swarm_ws/build/turtlebot_swarm/install.log --install-scripts $base/lib/turtlebot_swarm --single-version-externally-managed install_data
