[1.002s] Invoking command in '/home/manish/turtlebot_swarm_ws/src/turtlebot_swarm': PYTHONPATH=/home/manish/turtlebot_swarm_ws/build/turtlebot_swarm/prefix_override:/usr/lib/python3/dist-packages/colcon_core/task/python/colcon_distutils_commands:/home/manish/turtlebot_swarm_ws/install/turtlebot_swarm/lib/python3.10/site-packages:${PYTHONPATH} /usr/bin/python3 -W ignore:setup.py install is deprecated -W ignore:easy_install command is deprecated setup.py egg_info --egg-base ../../build/turtlebot_swarm build --build-base /home/manish/turtlebot_swarm_ws/build/turtlebot_swarm/build install --record /home/manish/turtlebot_swarm_ws/build/turtlebot_swarm/install.log --install-scripts $base/lib/turtlebot_swarm --single-version-externally-managed install_data
[1.393s] running egg_info
[1.394s] writing ../../build/turtlebot_swarm/turtlebot_swarm.egg-info/PKG-INFO
[1.394s] writing dependency_links to ../../build/turtlebot_swarm/turtlebot_swarm.egg-info/dependency_links.txt
[1.394s] writing entry points to ../../build/turtlebot_swarm/turtlebot_swarm.egg-info/entry_points.txt
[1.395s] writing requirements to ../../build/turtlebot_swarm/turtlebot_swarm.egg-info/requires.txt
[1.395s] writing top-level names to ../../build/turtlebot_swarm/turtlebot_swarm.egg-info/top_level.txt
[1.398s] reading manifest file '../../build/turtlebot_swarm/turtlebot_swarm.egg-info/SOURCES.txt'
[1.399s] writing manifest file '../../build/turtlebot_swarm/turtlebot_swarm.egg-info/SOURCES.txt'
[1.399s] running build
[1.399s] running build_py
[1.400s] running install
[1.400s] running install_lib
[1.402s] running install_data
[1.402s] copying launch/robot_launch.py -> /home/manish/turtlebot_swarm_ws/install/turtlebot_swarm/share/turtlebot_swarm/launch
[1.403s] running install_egg_info
[1.406s] removing '/home/manish/turtlebot_swarm_ws/install/turtlebot_swarm/lib/python3.10/site-packages/turtlebot_swarm-0.0.0-py3.10.egg-info' (and everything under it)
[1.406s] Copying ../../build/turtlebot_swarm/turtlebot_swarm.egg-info to /home/manish/turtlebot_swarm_ws/install/turtlebot_swarm/lib/python3.10/site-packages/turtlebot_swarm-0.0.0-py3.10.egg-info
[1.408s] running install_scripts
[1.436s] writing list of installed files to '/home/manish/turtlebot_swarm_ws/build/turtlebot_swarm/install.log'
[1.473s] Invoked command in '/home/manish/turtlebot_swarm_ws/src/turtlebot_swarm' returned '0': PYTHONPATH=/home/manish/turtlebot_swarm_ws/build/turtlebot_swarm/prefix_override:/usr/lib/python3/dist-packages/colcon_core/task/python/colcon_distutils_commands:/home/manish/turtlebot_swarm_ws/install/turtlebot_swarm/lib/python3.10/site-packages:${PYTHONPATH} /usr/bin/python3 -W ignore:setup.py install is deprecated -W ignore:easy_install command is deprecated setup.py egg_info --egg-base ../../build/turtlebot_swarm build --build-base /home/manish/turtlebot_swarm_ws/build/turtlebot_swarm/build install --record /home/manish/turtlebot_swarm_ws/build/turtlebot_swarm/install.log --install-scripts $base/lib/turtlebot_swarm --single-version-externally-managed install_data
